// Jest Snapshot v1, https://goo.gl/fbAQLP

exports[`CustomButton component should CustomButton renders without error 1`] = `
<button
  className="  custom-button"
>
  Sign in with Google
</button>
`;
